Microchip MPLAB XC8 Compiler V2.40

Linker command line:

-W-3 \
  --edf=C:\Program Files\Microchip\xc8\v2.40\pic\dat\20220703182018_en.msgs \
  -cn -h+dist/default/production\GrageSystem.production.sym \
  --cmf=dist/default/production\GrageSystem.production.cmf -z -Q18F4620 \
  -oC:\Users\MOUSTAFA\AppData\Local\Temp\xcAs46g.6 --defsym=__MPLAB_BUILD=1 \
  --fixupoverflow=error \
  -Mdist/default/production/GrageSystem.production.map \
  --md=C:\Users\MOUSTAFA\AppData\Local\Temp\xcCs46g.dat -E1 \
  -ver=XC8 Compiler --acfsm=1493 -ACODE=00h-0FFFFh -ACONST=00h-0FFFFh \
  -ASMALLCONST=01000h-010FFhx240 -AMEDIUMCONST=01000h-0FFFFh \
  -ACOMRAM=01h-07Fh -AABS1=00h-0F7Fh -ABIGRAM=01h-0F7Fh \
  -ARAM=080h-0FFh,0100h-01FFhx14,0F00h-0F7Fh -ABANK0=080h-0FFh \
  -ABANK1=0100h-01FFh -ABANK2=0200h-02FFh -ABANK3=0300h-03FFh \
  -ABANK4=0400h-04FFh -ABANK5=0500h-05FFh -ABANK6=0600h-06FFh \
  -ABANK7=0700h-07FFh -ABANK8=0800h-08FFh -ABANK9=0900h-09FFh \
  -ABANK10=0A00h-0AFFh -ABANK11=0B00h-0BFFh -ABANK12=0C00h-0CFFh \
  -ABANK13=0D00h-0DFFh -ABANK14=0E00h-0EFFh -ABANK15=0F00h-0F7Fh \
  -ASFR=0F80h-0FFFh -ABIGSFR=0F80h-0FFFh -ACONFIG=0300000h-030000Dh \
  -AIDLOC=0200000h-0200007h -AEEDATA=0F00000h-0F003FFh -peeprom_data=EEDATA \
  -preset_vec=00h,intcode=08h,intcodelo,powerup,init -pramtop=01000h \
  -psmallconst=SMALLCONST -pmediumconst=MEDIUMCONST -pconst=CONST \
  -AFARRAM=00h-00h \
  -prdata=COMRAM,nvrram=COMRAM,nvbit=COMRAM,rbss=COMRAM,rbit=COMRAM \
  -pfarbss=FARRAM,fardata=FARRAM,nvFARRAM=FARRAM \
  -pintsave_regs=BIGRAM,bigbss=BIGRAM,bigdata=BIGRAM -pbss=RAM \
  -pidata=CODE,irdata=CODE,ibigdata=CODE,ifardata=CODE -prparam=COMRAM \
  C:\Users\MOUSTAFA\AppData\Local\Temp\xcAs46g.o \
  dist/default/production\GrageSystem.production.o 

Object code version is 3.11

Machine type is 18F4620



                Name                               Link     Load   Length Selector   Space Scale
C:\Users\MOUSTAFA\AppData\Local\Temp\xcAs46g.o
                idloc                            200000   200000        8        0       5
                config                           300000   300000        E        0       4
                init                                  E        E        4        4       0
                reset_vec                             0        0        4        0       0
dist/default/production\GrageSystem.production.o
                intcode                               8        8        6        4       0
                idloc                            200000   200000        8        0       5
                config                           300000   300000        E        0       4
                temp                                 65       65        1        1       1
                smallconst                         1000     1000       54      800       0
                text27                             1EDC     1EDC        6      82A       0
                text26                             1E4E     1E4E       36      82A       0
                text25                             1ED0     1ED0        C      82A       0
                intcode_body                       1BA4     1BA4       56      82A       0
                text23                             1EB4     1EB4       1C      82A       0
                text22                             1DA2     1DA2       3E      82A       0
                text21                             18C4     18C4       7E      82A       0
                text20                             1AF6     1AF6       58      82A       0
                text19                             17A2     17A2       9A      82A       0
                text18                             1BFA     1BFA       52      82A       0
                text17                             12A6     12A6      144      82A       0
                text16                             13EA     13EA      12C      82A       0
                text15                             1A94     1A94       62      82A       0
                text14                             1DE0     1DE0       38      82A       0
                text13                             1D62     1D62       40      82A       0
                text12                             1D22     1D22       40      82A       0
                text11                             1CE2     1CE2       40      82A       0
                text10                             16F4     16F4       AE      82A       0
                text9                              1C4C     1C4C       50      82A       0
                text8                              183C     183C       88      82A       0
                text7                              19B4     19B4       72      82A       0
                text6                              1516     1516      120      82A       0
                text5                              1942     1942       72      82A       0
                text4                              1636     1636       BE      82A       0
                text3                              1C9C     1C9C       46      82A       0
                text2                              1B4E     1B4E       56      82A       0
                text1                              1A26     1A26       6E      82A       0
                text0                              1054     1054      252      82A       0
                cstackCOMRAM                         31       31       24        1       1
                dataCOMRAM                            1        1       30        1       1
                bssCOMRAM                            55       55       10        1       1
                cinit                              1E18     1E18       36      82A       0
                idataCOMRAM                        1E84     1E84       30      82A       0

TOTAL           Name                               Link     Load   Length     Space
        CLASS   CODE           
                intcode                               8        8        6         0
                init                                  E        E        4         0
                reset_vec                             0        0        4         0
                text27                             1EDC     1EDC        6         0
                text26                             1E4E     1E4E       36         0
                text25                             1ED0     1ED0        C         0
                intcode_body                       1BA4     1BA4       56         0
                text23                             1EB4     1EB4       1C         0
                text22                             1DA2     1DA2       3E         0
                text21                             18C4     18C4       7E         0
                text20                             1AF6     1AF6       58         0
                text19                             17A2     17A2       9A         0
                text18                             1BFA     1BFA       52         0
                text17                             12A6     12A6      144         0
                text16                             13EA     13EA      12C         0
                text15                             1A94     1A94       62         0
                text14                             1DE0     1DE0       38         0
                text13                             1D62     1D62       40         0
                text12                             1D22     1D22       40         0
                text11                             1CE2     1CE2       40         0
                text10                             16F4     16F4       AE         0
                text9                              1C4C     1C4C       50         0
                text8                              183C     183C       88         0
                text7                              19B4     19B4       72         0
                text6                              1516     1516      120         0
                text5                              1942     1942       72         0
                text4                              1636     1636       BE         0
                text3                              1C9C     1C9C       46         0
                text2                              1B4E     1B4E       56         0
                text1                              1A26     1A26       6E         0
                text0                              1054     1054      252         0
                cinit                              1E18     1E18       36         0
                idataCOMRAM                        1E84     1E84       30         0

        CLASS   CONST          

        CLASS   SMALLCONST     
                smallconst                         1000     1000       54         0

        CLASS   MEDIUMCONST    

        CLASS   COMRAM         
                temp                                 65       65        1         1
                cstackCOMRAM                         31       31       24         1
                dataCOMRAM                            1        1       30         1
                bssCOMRAM                            55       55       10         1

        CLASS   ABS1           

        CLASS   BIGRAM         

        CLASS   RAM            

        CLASS   BANK0          

        CLASS   BANK1          

        CLASS   BANK2          

        CLASS   BANK3          

        CLASS   BANK4          

        CLASS   BANK5          

        CLASS   BANK6          

        CLASS   BANK7          

        CLASS   BANK8          

        CLASS   BANK9          

        CLASS   BANK10         

        CLASS   BANK11         

        CLASS   BANK12         

        CLASS   BANK13         

        CLASS   BANK14         

        CLASS   BANK15         

        CLASS   SFR            

        CLASS   BIGSFR         

        CLASS   CONFIG         
                config                           300000   300000        E         4

        CLASS   IDLOC          
                idloc                            200000   200000        8         5

        CLASS   EEDATA         

        CLASS   FARRAM         

        CLASS   HEAP           

        CLASS   STACK          



SEGMENTS        Name                           Load    Length   Top    Selector   Space  Class

                reset_vec                      000000  000004  000004         0       0  CODE    
                dataCOMRAM                     000001  000065  000066         1       1  COMRAM  
                intcode                        000008  00000A  000012         4       0  CODE    
                smallconst                     001000  000054  001054       800       0  SMALLCON
                text0                          001054  000E8E  001EE2       82A       0  CODE    


UNUSED ADDRESS RANGES

        Name                Unused          Largest block    Delta
        BANK0            000080-0000FF               80
        BANK1            000100-0001FF              100
        BANK10           000A00-000AFF              100
        BANK11           000B00-000BFF              100
        BANK12           000C00-000CFF              100
        BANK13           000D00-000DFF              100
        BANK14           000E00-000EFF              100
        BANK15           000F00-000F7F               80
        BANK2            000200-0002FF              100
        BANK3            000300-0003FF              100
        BANK4            000400-0004FF              100
        BANK5            000500-0005FF              100
        BANK6            000600-0006FF              100
        BANK7            000700-0007FF              100
        BANK8            000800-0008FF              100
        BANK9            000900-0009FF              100
        BIGRAM           000066-000F7F              F1A
        BIGSFR           000F80-000FFF               80
        CODE             000004-000007                4
                         000012-000FFF              FEE
                         001EE2-00FFFF             E11E
        COMRAM           000066-00007F               1A
        CONST            000004-000007                4
                         000012-000FFF              FEE
                         001EE2-00FFFF             E11E
        EEDATA           F00000-F003FF              400
        MEDIUMCONST      001EE2-00FFFF             E11E
        RAM              000080-000F7F              100
        SFR              000F80-000FFF               80
        SMALLCONST       001EE2-00FFFF              100

                                  Symbol Table

Timer0_DeInit@_timer                         cstackCOMRAM 000033
Timer0_Init@_timer                           cstackCOMRAM 000036
Timer0_mode_of_register_size_selcet@_timer   cstackCOMRAM 000033
Timer0_mode_timer_or_counter_selcet@_timer   cstackCOMRAM 000033
Timer0_prescaler_selcet@_timer               cstackCOMRAM 000033
_ADCON1bits                                  (abs)        000FC1
_DC_Entry                                    dataCOMRAM   00002D
_DC_Exit                                     dataCOMRAM   00002B
_INTCONbits                                  (abs)        000FF2
_LATA                                        (abs)        000F89
_LATB                                        (abs)        000F8A
_LATC                                        (abs)        000F8B
_LATD                                        (abs)        000F8C
_LATE                                        (abs)        000F8D
_Lcd_Obj                                     dataCOMRAM   00001F
_PIE1bits                                    (abs)        000F9D
_PIR1bits                                    (abs)        000F9E
_PORTA                                       (abs)        000F80
_PORTB                                       (abs)        000F81
_PORTC                                       (abs)        000F82
_PORTD                                       (abs)        000F83
_PORTE                                       (abs)        000F84
_PinOfEntry                                  dataCOMRAM   000030
_PinOfExit                                   dataCOMRAM   00002F
_T0CONbits                                   (abs)        000FD5
_T1CONbits                                   (abs)        000FCD
_TIMER0_ISR                                  text26       001E4E
_TIMER0_interruptHandler                     bssCOMRAM    000061
_TIMER1_ISR                                  text25       001ED0
_TIMER1_interruptHandler                     bssCOMRAM    00005D
_TMR0H                                       (abs)        000FD7
_TMR0L                                       (abs)        000FD6
_TMR1H                                       (abs)        000FCF
_TMR1L                                       (abs)        000FCE
_TRISA                                       (abs)        000F92
_TRISB                                       (abs)        000F93
_TRISC                                       (abs)        000F94
_TRISD                                       (abs)        000F95
_TRISE                                       (abs)        000F96
_Timer0Interrupt                             text27       001EDC
_Timer0_DeInit                               text23       001EB4
_Timer0_Init                                 text19       0017A2
_Timer0_mode_of_register_size_selcet         text22       001DA2
_Timer0_mode_timer_or_counter_selcet         text21       0018C4
_Timer0_prescaler_selcet                     text20       001AF6
_TimerDelay                                  dataCOMRAM   000025
__HRAM                                       (abs)        000000
__Habs1                                      abs1         000000
__Hbank0                                     bank0        000000
__Hbank1                                     bank1        000000
__Hbank10                                    bank10       000000
__Hbank11                                    bank11       000000
__Hbank12                                    bank12       000000
__Hbank13                                    bank13       000000
__Hbank14                                    bank14       000000
__Hbank15                                    bank15       000000
__Hbank2                                     bank2        000000
__Hbank3                                     bank3        000000
__Hbank4                                     bank4        000000
__Hbank5                                     bank5        000000
__Hbank6                                     bank6        000000
__Hbank7                                     bank7        000000
__Hbank8                                     bank8        000000
__Hbank9                                     bank9        000000
__Hbigbss                                    bigbss       000000
__Hbigdata                                   bigdata      000000
__Hbigram                                    bigram       000000
__Hbigsfr                                    bigsfr       000000
__Hbss                                       bss          000000
__HbssCOMRAM                                 bssCOMRAM    000000
__Hcinit                                     cinit        000000
__Hclrtext                                   clrtext      000000
__Hcomram                                    comram       000000
__Hconfig                                    config       30000E
__Hconst                                     const        000000
__HcstackCOMRAM                              cstackCOMRAM 000000
__Hdata                                      data         000000
__HdataCOMRAM                                dataCOMRAM   000000
__Heeprom_data                               eeprom_data  000000
__Hfarbss                                    farbss       000000
__Hfardata                                   fardata      000000
__Hheap                                      heap         000000
__Hibigdata                                  ibigdata     000000
__Hidata                                     idata        000000
__HidataCOMRAM                               idataCOMRAM  000000
__Hidloc                                     idloc        200008
__Hifardata                                  ifardata     000000
__Hinit                                      init         000012
__Hintcode                                   intcode      00000E
__Hintcode_body                              intcode_body 000000
__Hintcodelo                                 intcodelo    00000E
__Hintentry                                  intentry     000000
__Hintret                                    intret       000000
__Hintsave_regs                              intsave_regs 000000
__Hirdata                                    irdata       000000
__Hmediumconst                               mediumconst  000000
__HnvFARRAM                                  nvFARRAM     000000
__Hnvbit                                     nvbit        000000
__Hnvrram                                    nvrram       000000
__Hparam                                     rparam       000000
__Hpowerup                                   powerup      00000E
__Hram                                       ram          000000
__Hramtop                                    ramtop       001000
__Hrbit                                      rbit         000000
__Hrbss                                      rbss         000000
__Hrdata                                     rdata        000000
__Hreset_vec                                 reset_vec    000004
__Hrparam                                    rparam       000000
__Hsfr                                       sfr          000000
__Hsmallconst                                smallconst   001054
__Hspace_0                                   (abs)        001EE2
__Hspace_1                                   (abs)        000066
__Hspace_2                                   (abs)        000000
__Hspace_4                                   (abs)        60000E
__Hstack                                     stack        000000
__Hstruct                                    struct       000000
__Htemp                                      temp         000066
__Htext                                      text         000000
__Htext0                                     text0        000000
__Htext1                                     text1        000000
__Htext10                                    text10       000000
__Htext11                                    text11       000000
__Htext12                                    text12       000000
__Htext13                                    text13       000000
__Htext14                                    text14       000000
__Htext15                                    text15       000000
__Htext16                                    text16       000000
__Htext17                                    text17       000000
__Htext18                                    text18       000000
__Htext19                                    text19       000000
__Htext2                                     text2        000000
__Htext20                                    text20       000000
__Htext21                                    text21       000000
__Htext22                                    text22       000000
__Htext23                                    text23       000000
__Htext25                                    text25       000000
__Htext26                                    text26       000000
__Htext27                                    text27       000000
__Htext28                                    text28       000000
__Htext3                                     text3        000000
__Htext4                                     text4        000000
__Htext5                                     text5        000000
__Htext6                                     text6        000000
__Htext7                                     text7        000000
__Htext8                                     text8        000000
__Htext9                                     text9        000000
__LRAM                                       (abs)        000001
__Labs1                                      abs1         000000
__Lbank0                                     bank0        000000
__Lbank1                                     bank1        000000
__Lbank10                                    bank10       000000
__Lbank11                                    bank11       000000
__Lbank12                                    bank12       000000
__Lbank13                                    bank13       000000
__Lbank14                                    bank14       000000
__Lbank15                                    bank15       000000
__Lbank2                                     bank2        000000
__Lbank3                                     bank3        000000
__Lbank4                                     bank4        000000
__Lbank5                                     bank5        000000
__Lbank6                                     bank6        000000
__Lbank7                                     bank7        000000
__Lbank8                                     bank8        000000
__Lbank9                                     bank9        000000
__Lbigbss                                    bigbss       000000
__Lbigdata                                   bigdata      000000
__Lbigram                                    bigram       000000
__Lbigsfr                                    bigsfr       000000
__Lbss                                       bss          000000
__LbssCOMRAM                                 bssCOMRAM    000000
__Lcinit                                     cinit        000000
__Lclrtext                                   clrtext      000000
__Lcomram                                    comram       000000
__Lconfig                                    config       000000
__Lconst                                     const        000000
__LcstackCOMRAM                              cstackCOMRAM 000000
__Ldata                                      data         000000
__LdataCOMRAM                                dataCOMRAM   000000
__Leeprom_data                               eeprom_data  000000
__Lfarbss                                    farbss       000000
__Lfardata                                   fardata      000000
__Lheap                                      heap         000000
__Libigdata                                  ibigdata     000000
__Lidata                                     idata        000000
__LidataCOMRAM                               idataCOMRAM  000000
__Lidloc                                     idloc        000000
__Lifardata                                  ifardata     000000
__Linit                                      init         00000E
__Lintcode                                   intcode      000008
__Lintcode_body                              intcode_body 000000
__Lintcodelo                                 intcodelo    00000E
__Lintentry                                  intentry     000000
__Lintret                                    intret       000000
__Lintsave_regs                              intsave_regs 000000
__Lirdata                                    irdata       000000
__Lmediumconst                               mediumconst  000000
__LnvFARRAM                                  nvFARRAM     000000
__Lnvbit                                     nvbit        000000
__Lnvrram                                    nvrram       000000
__Lparam                                     rparam       000000
__Lpowerup                                   powerup      00000E
__Lram                                       ram          000000
__Lramtop                                    ramtop       001000
__Lrbit                                      rbit         000000
__Lrbss                                      rbss         000000
__Lrdata                                     rdata        000000
__Lreset_vec                                 reset_vec    000000
__Lrparam                                    rparam       000000
__Lsfr                                       sfr          000000
__Lsmallconst                                smallconst   001000
__Lspace_0                                   (abs)        000000
__Lspace_1                                   (abs)        000000
__Lspace_2                                   (abs)        000000
__Lspace_4                                   (abs)        000000
__Lstack                                     stack        000000
__Lstruct                                    struct       000000
__Ltemp                                      temp         000065
__Ltext                                      text         000000
__Ltext0                                     text0        000000
__Ltext1                                     text1        000000
__Ltext10                                    text10       000000
__Ltext11                                    text11       000000
__Ltext12                                    text12       000000
__Ltext13                                    text13       000000
__Ltext14                                    text14       000000
__Ltext15                                    text15       000000
__Ltext16                                    text16       000000
__Ltext17                                    text17       000000
__Ltext18                                    text18       000000
__Ltext19                                    text19       000000
__Ltext2                                     text2        000000
__Ltext20                                    text20       000000
__Ltext21                                    text21       000000
__Ltext22                                    text22       000000
__Ltext23                                    text23       000000
__Ltext25                                    text25       000000
__Ltext26                                    text26       000000
__Ltext27                                    text27       000000
__Ltext28                                    text28       000000
__Ltext3                                     text3        000000
__Ltext4                                     text4        000000
__Ltext5                                     text5        000000
__Ltext6                                     text6        000000
__Ltext7                                     text7        000000
__Ltext8                                     text8        000000
__Ltext9                                     text9        000000
__S0                                         (abs)        001EE2
__S1                                         (abs)        000066
__S4                                         (abs)        000000
__S5                                         (abs)        000000
__TimerDelay_ms                              text18       001BFA
__TimerDelay_ms@u16CopyDelay                 cstackCOMRAM 00003A
___heap_hi                                   (abs)        000000
___heap_lo                                   (abs)        000000
___inthi_sp                                  stack        000000
___intlo_sp                                  stack        000000
___param_bank                                (abs)        000000
___rparam_used                               (abs)        000001
___sp                                        stack        000000
__accesstop                                  (abs)        000080
__activetblptr                               (abs)        000003
__end_of_TIMER0_ISR                          text26       001E84
__end_of_TIMER1_ISR                          text25       001EDC
__end_of_Timer0Interrupt                     text27       001EE2
__end_of_Timer0_DeInit                       text23       001ED0
__end_of_Timer0_Init                         text19       00183C
__end_of_Timer0_mode_of_register_size_selcet text22       001DE0
__end_of_Timer0_mode_timer_or_counter_selcet text21       001942
__end_of_Timer0_prescaler_selcet             text20       001B4E
__end_of__TimerDelay_ms                      text18       001C4C
__end_of__initialization                     cinit        001E44
__end_of_dc_motor_initialize                 text14       001E18
__end_of_dc_motor_move_left                  text13       001DA2
__end_of_dc_motor_move_right                 text12       001D62
__end_of_dc_motor_stop                       text11       001D22
__end_of_gpio_Pin_Derction_Intialize         text17       0013EA
__end_of_gpio_Pin_Intialize                  text15       001AF6
__end_of_gpio_Pin_Read_Logic                 text10       0017A2
__end_of_gpio_Pin_Write_Logic                text16       001516
__end_of_interruptManager                    intcode_body 001BFA
__end_of_lcd_4bit_initialize                 text6        001636
__end_of_lcd_4bit_send_char_data             text5        0019B4
__end_of_lcd_4bit_send_char_data_pos         text3        001CE2
__end_of_lcd_4bit_send_command               text7        001A26
__end_of_lcd_4bit_send_string_data           text2        001BA4
__end_of_lcd_4bit_send_string_data_pos       text1        001A94
__end_of_main                                text0        0012A6
__end_of_send_4bit_mode_enable               text9        001C9C
__end_of_send_data_4bit_mode                 text8        0018C4
__end_of_set_cursor_4bit_mode                text4        0016F4
__initialization                             cinit        001E18
__mediumconst                                mediumconst  000000
__pbssCOMRAM                                 bssCOMRAM    000055
__pcinit                                     cinit        001E18
__pcstackCOMRAM                              cstackCOMRAM 000031
__pdataCOMRAM                                dataCOMRAM   000001
__pidataCOMRAM                               idataCOMRAM  001E84
__pintcode                                   intcode      000008
__pintcode_body                              intcode_body 001BA4
__psmallconst                                smallconst   001000
__ptext0                                     text0        001054
__ptext1                                     text1        001A26
__ptext10                                    text10       0016F4
__ptext11                                    text11       001CE2
__ptext12                                    text12       001D22
__ptext13                                    text13       001D62
__ptext14                                    text14       001DE0
__ptext15                                    text15       001A94
__ptext16                                    text16       0013EA
__ptext17                                    text17       0012A6
__ptext18                                    text18       001BFA
__ptext19                                    text19       0017A2
__ptext2                                     text2        001B4E
__ptext20                                    text20       001AF6
__ptext21                                    text21       0018C4
__ptext22                                    text22       001DA2
__ptext23                                    text23       001EB4
__ptext25                                    text25       001ED0
__ptext26                                    text26       001E4E
__ptext27                                    text27       001EDC
__ptext28                                    text28       000000
__ptext3                                     text3        001C9C
__ptext4                                     text4        001636
__ptext5                                     text5        001942
__ptext6                                     text6        001516
__ptext7                                     text7        0019B4
__ptext8                                     text8        00183C
__ptext9                                     text9        001C4C
__ramtop                                     ramtop       001000
__smallconst                                 smallconst   001000
_dc_motor_initialize                         text14       001DE0
_dc_motor_move_left                          text13       001D62
_dc_motor_move_right                         text12       001D22
_dc_motor_stop                               text11       001CE2
_gpio_Pin_Derction_Intialize                 text17       0012A6
_gpio_Pin_Intialize                          text15       001A94
_gpio_Pin_Read_Logic                         text10       0016F4
_gpio_Pin_Write_Logic                        text16       0013EA
_interruptManager                            intcode      000008
_lat_registers                               dataCOMRAM   00000B
_lcd_4bit_initialize                         text6        001516
_lcd_4bit_send_char_data                     text5        001942
_lcd_4bit_send_char_data_pos                 text3        001C9C
_lcd_4bit_send_command                       text7        0019B4
_lcd_4bit_send_string_data                   text2        001B4E
_lcd_4bit_send_string_data_pos               text1        001A26
_main                                        text0        001054
_port_registers                              dataCOMRAM   000001
_preload_timer                               bssCOMRAM    00005F
_preload_timer1                              bssCOMRAM    00005B
_send_4bit_mode_enable                       text9        001C4C
_send_data_4bit_mode                         text8        00183C
_set_cursor_4bit_mode                        text4        001636
_tris_registers                              dataCOMRAM   000015
_u16DelayCounter                             bssCOMRAM    000063
btemp                                        temp         000065
dc_motor_initialize@dc_motor                 cstackCOMRAM 000041
dc_motor_initialize@ret                      cstackCOMRAM 000043
dc_motor_move_left@dc_motor                  cstackCOMRAM 00003D
dc_motor_move_left@ret                       cstackCOMRAM 00003F
dc_motor_move_right@dc_motor                 cstackCOMRAM 00003D
dc_motor_move_right@ret                      cstackCOMRAM 00003F
dc_motor_stop@dc_motor                       cstackCOMRAM 00003D
dc_motor_stop@ret                            cstackCOMRAM 00003F
end_of_initialization                        cinit        001E44
gpio_Pin_Derction_Intialize@pin_config       cstackCOMRAM 000033
gpio_Pin_Derction_Intialize@ret              cstackCOMRAM 00003B
gpio_Pin_Intialize@pin_config                cstackCOMRAM 00003D
gpio_Pin_Intialize@ret                       cstackCOMRAM 000040
gpio_Pin_Read_Logic@logic                    cstackCOMRAM 000035
gpio_Pin_Read_Logic@pin_config               cstackCOMRAM 000033
gpio_Pin_Write_Logic@logic                   cstackCOMRAM 000035
gpio_Pin_Write_Logic@pin_config              cstackCOMRAM 000033
gpio_Pin_Write_Logic@ret                     cstackCOMRAM 00003C
int$flags                                    temp         000065
int_func                                     intcode_body 001BA4
intlevel0                                    text         000000
intlevel1                                    text         000000
intlevel2                                    text         000000
intlevel3                                    text         000000
isa$std                                      (abs)        000001
isa$xinst                                    (abs)        000000
lcd_4bit_initialize@_lcd                     cstackCOMRAM 000045
lcd_4bit_initialize@l_counter                cstackCOMRAM 00004A
lcd_4bit_initialize@ret                      cstackCOMRAM 000049
lcd_4bit_send_char_data@_lcd                 cstackCOMRAM 000041
lcd_4bit_send_char_data@data                 cstackCOMRAM 000043
lcd_4bit_send_char_data@ret                  cstackCOMRAM 000044
lcd_4bit_send_char_data_pos@_lcd             cstackCOMRAM 00004C
lcd_4bit_send_char_data_pos@column           cstackCOMRAM 00004F
lcd_4bit_send_char_data_pos@data             cstackCOMRAM 000050
lcd_4bit_send_char_data_pos@ret              cstackCOMRAM 000051
lcd_4bit_send_char_data_pos@row              cstackCOMRAM 00004E
lcd_4bit_send_command@_lcd                   cstackCOMRAM 000041
lcd_4bit_send_command@command                cstackCOMRAM 000043
lcd_4bit_send_command@ret                    cstackCOMRAM 000044
lcd_4bit_send_string_data@_lcd               cstackCOMRAM 000045
lcd_4bit_send_string_data@str                cstackCOMRAM 000047
lcd_4bit_send_string_data_pos@_lcd           cstackCOMRAM 00004C
lcd_4bit_send_string_data_pos@column         cstackCOMRAM 00004F
lcd_4bit_send_string_data_pos@row            cstackCOMRAM 00004E
lcd_4bit_send_string_data_pos@str            cstackCOMRAM 000050
main@u8Counter                               cstackCOMRAM 000054
main@u8ReadEntryPin                          cstackCOMRAM 000052
main@u8ReadExitPin                           cstackCOMRAM 000053
send_4bit_mode_enable@_lcd                   cstackCOMRAM 00003D
send_4bit_mode_enable@ret                    cstackCOMRAM 00003F
send_data_4bit_mode@_lcd                     cstackCOMRAM 00003D
send_data_4bit_mode@data                     cstackCOMRAM 00003F
send_data_4bit_mode@ret                      cstackCOMRAM 000040
set_cursor_4bit_mode@_lcd                    cstackCOMRAM 000045
set_cursor_4bit_mode@column                  cstackCOMRAM 000048
set_cursor_4bit_mode@ret                     cstackCOMRAM 00004B
set_cursor_4bit_mode@row                     cstackCOMRAM 000047
stackhi                                      (abs)        000000
stacklo                                      (abs)        000000
start                                        init         00000E
start_initialization                         cinit        001E18
ttemp5                                       temp         000066
ttemp6                                       temp         000069
ttemp7                                       temp         00006D
wtemp8                                       temp         000066


MODULE INFORMATION

Module		Function		Class		Link	Load	Size
MCAL_LAYER/TIMER1/hal_timer1.c
		_TIMER1_ISR    		CODE           	1ED0	0000	12

MCAL_LAYER/TIMER1/hal_timer1.c estimated size: 12

MCAL_LAYER/TIMER0/hal_timer0.c
		_Timer0_Init   		CODE           	17A2	0000	154
		_Timer0_mode_timer_or_counter_selcet		CODE           	18C4	0000	126
		_Timer0_DeInit 		CODE           	1EB4	0000	28
		_Timer0_mode_of_register_size_selcet		CODE           	1DA2	0000	62
		_TIMER0_ISR    		CODE           	1E4E	0000	54
		_Timer0_prescaler_selcet		CODE           	1AF6	0000	88

MCAL_LAYER/TIMER0/hal_timer0.c estimated size: 512

MCAL_LAYER/GPIO/hal_gpio.c
		_gpio_Pin_Write_Logic		CODE           	13EA	0000	300
		_gpio_Pin_Intialize		CODE           	1A94	0000	98
		_gpio_Pin_Read_Logic		CODE           	16F4	0000	174
		_gpio_Pin_Derction_Intialize		CODE           	12A6	0000	324

MCAL_LAYER/GPIO/hal_gpio.c estimated size: 896

shared
		__initialization		CODE           	1E18	0000	44

shared estimated size: 44

ECUAL_LAYER/char_lcd/ecu_char_lcd.c
		_send_data_4bit_mode		CODE           	183C	0000	136
		_lcd_4bit_send_command		CODE           	19B4	0000	114
		_lcd_4bit_send_char_data		CODE           	1942	0000	114
		_lcd_4bit_send_char_data_pos		CODE           	1C9C	0000	70
		_lcd_4bit_send_string_data		CODE           	1B4E	0000	86
		_lcd_4bit_send_string_data_pos		CODE           	1A26	0000	110
		_send_4bit_mode_enable		CODE           	1C4C	0000	80
		_lcd_4bit_initialize		CODE           	1516	0000	288
		_set_cursor_4bit_mode		CODE           	1636	0000	190

ECUAL_LAYER/char_lcd/ecu_char_lcd.c estimated size: 1188

MCAL_LAYER/interrupt/mcal_interrupt_manager.c
		_interruptManager		CODE           	0008	0000	92

MCAL_LAYER/interrupt/mcal_interrupt_manager.c estimated size: 92

ECUAL_LAYER/DC_Motor/ecu_motor.c
		_dc_motor_stop 		CODE           	1CE2	0000	64
		_dc_motor_initialize		CODE           	1DE0	0000	56
		_dc_motor_move_right		CODE           	1D22	0000	64
		_dc_motor_move_left		CODE           	1D62	0000	64

ECUAL_LAYER/DC_Motor/ecu_motor.c estimated size: 248

application.c
		_main          		CODE           	1054	0000	594

application.c estimated size: 594

MCAL_LAYER/Delay/M_Delay.c
		__TimerDelay_ms		CODE           	1BFA	0000	82
		_Timer0Interrupt		CODE           	1EDC	0000	6

MCAL_LAYER/Delay/M_Delay.c estimated size: 88

